ATESSA
AVEZZANO
CAMPLI
CASTEL DI SANGRO
CELANO
CHIETI
FOSSACESIA
GIULIANOVA
L'AQUILA
LANCIANO
MANOPPELLO
MONTESILVANO
PESCARA
PIANELLA
POPOLI
SAN SALVO
SCURCOLA MARSICANA
SPOLTORE
SULMONA
TAGLIACOZZO
TERAMO
VASTO
AVIGLIANO
BERNALDA
FERRANDINA
IRSINA
LAVELLO
MARATEA
MATERA
MELFI
MONTESCAGLIOSO
MURO LUCANO
PISTICCI
POLICORO
POTENZA
RIONERO IN VULTURE
TRICARICO
TURSI
TITO
VENOSA
ACRI
AMANTEA
BISIGNANO
CASTROVILLARI
CATANZARO
CORIGLIANO CALABRO
COSENZA
CROTONE
CUTRO
GERACE
GIOIA TAURO
LAMEZIA TERME
LOCRI
NICOTERA
PALMI
REGGIO CALABRIA
PETILIA POLICASTRO
ROGLIANO
ROSARNO
ROSSANO
SOVERATO
SOVERIA MANNELLI
SQUILLACE
TERRANOVA SAPPO MINULIO
VIBO VALENTIA
VILLA SAN GIOVANNI
ACERRA
AFRAGOLA
AGROPOLI
ALIFE
AMALFI
APOLLOSA
ARIANO IRPINO
ARZANO
AVELLINO
AVERSA
BATTIPAGLIA
BELLONA
BENEVENTO
BUONALBERGO
CAMPAGNA
CAPRI
CAPUA
CASERTA
CASTEL VOLTURNO
CAVA DE' TIRRENI
CERVINARA
CONTURSI TERME
EBOLI
ERCOLANO
FISCIANO
FOGLIANISE
FRATTAMAGGIORE
GIFFONI VALLE PIANA
GIUGLIANO IN CAMPANIA
GRUMO NEVANO
MARANO DI NAPOLI
MARCIANISE
MARIGLIANO
MIGNANO MONTE LUNGO
MIRABELLA ECLANO
MOIANO
MOLINARA
MONDRAGONE
MONTESARCHIO
NAPOLI
NOCERA SUPERIORE
NOLA
PANNARANO
PIANO DI SORRENTO
POMIGLIANO D'ARCO
POMPEI
PORTICI
QUALIANO
ROCCADASPIDE
ROCCARAINOLA
SALA CONSILINA
SALERNO
SANT'AGATA DE' GOTI
SAPRI
SAVIANO
SCAFATI
SCISCIANO
SOLOFRA
TEGGIANO
TELESE TERME
TORRE ANNUNZIATA
TORRE DEL GRECO
VENTICANO
VICO EQUENSE
BOBBIO
BOLOGNA
BONDENO
BUSSETO
CARPI
CASTELFRANCO EMILIA
CASTEL MAGGIORE
CASTEL SAN PIETRO TERME
CASTELNOVO DI SOTTO
CENTO
CESENA
CORREGGIO
CREVALCORE
FERRARA
FIDENZA
FIORANO MODENESE
FIORENZUOLA D'ARDA
FORLÌ
GRANAROLO DELL'EMILIA
GUASTALLA
IMOLA
MARANELLO
MASSA LOMBARDA
MELDOLA
MIRANDOLA
MODENA
MODIGLIANA
MONTECCHIO EMILIA
NOVELLARA
PARMA
PIACENZA
PREDAPPIO
RAVENNA
REGGIO EMILIA
RICCIONE
RIMINI
RIOLO TERME
RUSSI
SALSOMAGGIORE TERME
SAN GIOVANNI IN PERSICETO
SASSO MARCONI
SASSUOLO
VIGNOLA
CASARSA DELLA DELIZIA
CERVIGNANO DEL FRIULI
CIVIDALE DEL FRIULI
CODROIPO
CORDENONS
CORMONS
GEMONA DEL FRIULI
GORIZIA
GRADISCA D'ISONZO
GRADO
LATISANA
LIGNANO SABBIADORO
MANIAGO
MONFALCONE
PALMANOVA
PORCIA
PORDENONE
SACILE
SAN DANIELE DEL FRIULI
SPILIMBERGO
TARCENTO
TOLMEZZO
TRIESTE
UDINE
ALVITO
ANGUILLARA SABAZIA
ARPINO
CASTEL GANDOLFO
CECCANO
CEPRANO
CIAMPINO
CIVITAVECCHIA
CORI
FONDI
FORMIA
FRASCATI
FERENTINO
FROSINONE
GAETA
GENZANO DI ROMA
GUIDONIA MONTECELIO
LADISPOLI
LATINA
MARINO
MONTE PORZIO CATONE
MONTEROTONDO
NETTUNO
PIEDIMONTE SAN GERMANO
POMEZIA
PRIVERNO
RIETI
ROMA
SANTA MARINELLA
SEZZE
TARQUINIA
TERRACINA
TUSCANIA
VELLETRI
VITERBO
ALBENGA
ALBISOLA SUPERIORE
CAIRO MONTENOTTE
CAMOGLI
CAMPOROSSO
CHIAVARI
FINALE LIGURE
GENOVA
IMPERIA
LAVAGNA
LA SPEZIA
LERICI
RAPALLO
RECCO
SANREMO
SARZANA
SAVONA
VARAZZE
VENTIMIGLIA
LOMBARDIA
ABBIATEGRASSO
ALBINO
ALZANO LOMBARDO
ANGERA
APPIANO GENTILE
ARESE
ASOLA
BELGIOIOSO
BERGAMO
BESANA IN BRIANZA
BOLLATE
BOZZOLO
BRESCIA
BRUGHERIO
BUSTO ARSIZIO
CALOLZIOCORTE
CAPRIATE SAN GERVASIO
CARAVAGGIO
CASALMAGGIORE
CASALPUSTERLENGO
CASORATE PRIMO
CASSANO MAGNAGO
CASTANO PRIMO
CASTEGGIO
CASTEL GOFFREDO
CASTELLANZA
CASTELLEONE
CASTIGLIONE DELLE STIVIERE
CERNOBBIO
CERNUSCO SUL NAVIGLIO
CESANO MADERNO
CHIARI
CINISELLO BALSAMO
CODOGNO
COLOGNO MONZESE
COMO
CONCOREZZO
CORBETTA
CORSICO
CREMA
CREMONA
CURTATONE
DALMINE
DARFO BOARIO TERME
DESENZANO DEL GARDA
DESIO
ERBA
GALLARATE
GARBAGNATE MILANESE
GARDONE VAL TROMPIA
GHEDI
GIUSSANO
GORGONZOLA
LAINATE
LECCO
LEGNANO
LISSONE
LODI
LODI VECCHIO
LONATO DEL GARDA
LUINO
LURATE CACCIVIO
MAGENTA
MANTOVA
MANERBIO
MARIANO COMENSE
MARTINENGO
MEDA
MELEGNANO
MELZO
MERATE
MILANO
MONTICHIARI
MONZA
MORBEGNO
MORTARA
MUGGIÒ
NOVATE MILANESE
OLGIATE COMASCO
ORIO AL SERIO
PADERNO DUGNANO
PALAZZOLO SULL'OGLIO
PARABIAGO
PAULLO
PAVIA
PESCHIERA BORROMEO
PIOLTELLO
PONTIDA
RHO
ROZZANO
ROMANO DI LOMBARDIA
SALÒ
SAMARATE
SAN DONATO MILANESE
SAN GIULIANO MILANESE
SAN MARTINO SICCOMARIO
SANNAZZARO DE' BURGONDI
SANT'ANGELO LODIGIANO
SARONNO
SEGRATE
SEREGNO
SERIATE
SESTO CALENDE
SESTO SAN GIOVANNI
SEVESO
SOLFERINO
SOMMA LOMBARDO
SONCINO
SONDRIO
SORESINA
SOTTO IL MONTE GIOVANNI XXIII
STRADELLA
SUZZARA
TRADATE
TRAVAGLIATO
TREVIGLIO
TREZZO SULL'ADDA
VARESE
VAREDO
VALMADRERA
VIADANA
VIGEVANO
VIMERCATE
VOGHERA
ANCONA
ASCOLI PICENO
CAMERINO
CASTELPLANIO
CORRIDONIA
FABRIANO
FERMO
GROTTAMMARE
MACERATA
MATELICA
MONTALTO DELLE MARCHE
MONTECASSIANO
OSIMO
OSTRA
PORTO RECANATI
PORTO SANT'ELPIDIO
PERGOLA
PESARO
RECANATI
RIPATRANSONE
SAN BENEDETTO DEL TRONTO
SAN SEVERINO MARCHE
SENIGALLIA
TOLENTINO
TREIA
URBINO
BOJANO
CAMPOBASSO
ISERNIA
LARINO
RICCIA
VENAFRO
ACQUI TERME
ALBA
ALESSANDRIA
ARONA
ASTI
AVIGLIANA
BIELLA
BORGARO TORINESE
BORGOMANERO
BOVES
BRA
BUSCA
CANDELO
CANELLI
CANNOBIO
CARIGNANO
CARMAGNOLA
CASALE MONFERRATO
CASELLE TORINESE
CASTELLAMONTE
CAVALLERMAGGIORE
CEVA
CHIERI
CHIVASSO
CIRIÉ
COLLEGNO
CUNEO
DOMODOSSOLA
FOSSANO
GARESSIO
GRAVELLONA TOCE
IVREA
LANZO TORINESE
MONCALIERI
MONCALVO
MONDOVÌ
NICHELINO
NIZZA MONFERRATO
NOVARA
NOVI LIGURE
OLEGGIO
OMEGNA
ORBASSANO
ORMEA
OVADA
PINEROLO
PIOSSASCO
RACCONIGI
RIVAROLO CANAVESE
SALUZZO
SAN MAURO TORINESE
SAN SALVATORE MONFERRATO
SANTENA
SAVIGLIANO
SETTIMO TORINESE
STRESA
SUSA
TORINO
TORTONA
TRECATE
VENARIA REALE
VERBANIA
VERCELLI
VILLADOSSOLA
ALESSANO
ALTAMURA
ANDRIA
APRICENA
ASCOLI SATRIANO
BARI
BARLETTA
BITETTO
BITONTO
BRINDISI
CAMPI SALENTINA
CANOSA DI PUGLIA
CASARANO
CEGLIE MESSAPICA
CERIGNOLA
CONVERSANO
FASANO
FOGGIA
FRANCAVILLA FONTANA
GALATINA
GALATONE
GINOSA
GROTTAGLIE
GRUMO APPULA
LECCE
LATIANO
LUCERA
MAGLIE
MANFREDONIA
MASSAFRA
MARTINA FRANCA
MATINO
MELENDUGNO
MESAGNE
MIGGIANO
MODUGNO
MOLFETTA
MONOPOLI
MONTERONI DI LECCE
MURO LECCESE
NARDÒ
ORIA
OSTUNI
OTRANTO
POGGIARDO
RACALE
RODI GARGANICO
SAN MARCO IN LAMIS
SAN SEVERO
SANTA CESAREA TERME
SAN VITO DEI NORMANNI
SQUINZANO
TARANTO
TAURISANO
TAVIANO
TRANI
TRINITAPOLI
UGENTO
VERNOLE
ALGHERO
BOSA
CAGLIARI
CARBONIA
CASTELSARDO
IGLESIAS
ITTIRI
LANUSEI
MACOMER
NUORO
OLBIA
ORISTANO
OZIERI
QUARTU SANT'ELENA
SASSARI
SINISCOLA
SORSO
TEMPIO PAUSANIA
TORTOLÌ
ACIREALE
AGRIGENTO
BARCELLONA POZZO DI GOTTO
BIVONA
CALTAGIRONE
CALTANISSETTA
CANICATTÌ
CARINI
CASTELVETRANO
CATANIA
CEFALÙ
ENNA
ISPICA
LENTINI
MARSALA
MAZARA DEL VALLO
MESSINA
MILAZZO
MISTRETTA
MINEO
MODICA
MONREALE
NARO
PACHINO
PALERMO
PATERNÒ
PATTI
PIAZZA ARMERINA
PORTO EMPEDOCLE
RAGUSA
SAN CATALDO
SIRACUSA
SCIACCA
TAORMINA
TRAPANI
AREZZO
AULLA
BARGA
CAMAIORE
CARRARA
CASTELNUOVO DI GARFAGNANA
CHIUSI
COLLE DI VAL D'ELSA
CASTIGLION FIORENTINO
CORTONA
FIESOLE
FIRENZE
FIVIZZANO
FOLLONICA
GROSSETO
LIVORNO
LUCCA
MASSA
MASSA MARITTIMA
MONTECATINI TERME
MONTE SAN SAVINO
MONTEVARCHI
MONTEPULCIANO
ORBETELLO
PESCIA
PIETRASANTA
PIOMBINO
PISA
PISTOIA
PONTEDERA
PONTREMOLI
PRATO
SANSEPOLCRO
SERAVEZZA
SIENA
VIAREGGIO
VILLAFRANCA IN LUNIGIANA
VOLTERRA
ARCO
BOLZANO
BRESSANONE
BRUNICO
CHIUSA
GLORENZA
LAIVES
LEVICO TERME
MERANO
PERGINE VALSUGANA
RIVA DEL GARDA
ROVERETO
TRENTO
VIPITENO
AMELIA
ASSISI
CITTÀ DELLA PIEVE
FOLIGNO
GUALDO TADINO
GUBBIO
NARNI
ORVIETO
PERUGIA
TERNI
TODI
AOSTA
ADRIA
ALBIGNASEGO
ARZIGNANO
ASOLO
BADIA POLESINE
BASSANO DEL GRAPPA
BELLUNO
BOVOLONE
CAMPODARSEGO
CAMPOSAMPIERO
CASTELFRANCO VENETO
CEREA
CHIOGGIA
CITTADELLA
COLOGNA VENETA
CONEGLIANO
ERACLEA
ESTE
FELTRE
JESOLO
LENDINARA
LONIGO
MAROSTICA
MESTRE
MIRANO
MOGLIANO VENETO
MONTAGNANA
MONTEBELLUNA
MONTEGROTTO TERME
MOTTA DI LIVENZA
ODERZO
OPPEANO
PADOVA
PIOVE DI SACCO
PORTOGRUARO
PORTO VIRO
RONCADE
ROVIGO
SAN DONÀ DI PIAVE
SAN MARTINO DI LUPARI
SCHIO
TREVISO
VALDAGNO
VENEZIA
VERONA
VICENZA
VILLAFRANCA DI VERONA
VILLORBA
VITTORIO VENETO